dotarch\api\data\DatabaseHelper.class
dotarch\api\data\AbstractDatabaseCore.class
dotarch\api\data\DatabaseManager.class
dotarch\api\commands\VConfigCommand.class
dotarch\api\data\ServiceInjector.class
dotarch\api\data\DotPlayer.class
dotarch\api\config\VirtualizedConfiguration.class
dotarch\api\messages\Messages.class
dotarch\api\data\WarpedResultSet.class
dotarch\api\DotPlugin.class
dotarch\api\data\inmemory\AttributeModifier.class
dotarch\api\plugin\vconfig\DotAPIVConfig.class
dotarch\api\events\DotSignalEvent.class
dotarch\api\config\VirtualConfigEntry.class
dotarch\api\data\DatabaseTask$Task.class
dotarch\api\data\SQLiteCore.class
dotarch\api\messages\MessageTemplate.class
dotarch\api\data\DatabaseConnection$ConnectionIsUsingException.class
dotarch\api\events\VConfigurationEvent.class
dotarch\api\data\DatabaseConnection$ConnectionIsNotUsingException.class
dotarch\api\events\ObjectLoadedEvent.class
dotarch\api\data\DatabaseConnection.class
dotarch\api\data\MySQLCore.class
dotarch\api\data\ObjectCache.class
dotarch\api\entity\Scaler.class
dotarch\api\events\PlayerLoadedEvent.class
dotarch\api\DotAPI.class
dotarch\api\commands\DotAPICommand.class
dotarch\api\data\PlayerCache.class
dotarch\api\data\DatabaseTask.class
dotarch\api\data\DotObject.class
dotarch\api\data\DatabaseManager$ConnectionException.class
dotarch\api\web\WebserverThread.class
